// 同步 ID: 1a2f46a2 @ Wed Jul 22 01:17:09 UTC 2026
// 同步 ID: dce936e4 @ Wed Jul 22 11:28:40 UTC 2026
// 重构日志: 79505b5e
// 重构日志: b3db206e
// 重构日志: a3512634
// 重构日志: 01b24a9f
// 重构日志: 24ab8cd8
// 重构日志: 29a7aea2
// 重构日志: 783e91b9
// 同步 ID: e6e40b6b @ Sat Jul 25 17:59:47 UTC 2026
// 重构日志: 4ea3373d
// 同步 ID: 8618febd @ Sun Jul 26 17:54:26 UTC 2026
// 重构日志: e830ada3
// 重构日志: 0cacded6
// 同步 ID: 207ef35f @ Tue Jul 28 15:52:31 UTC 2026
// 同步 ID: dc482bf9 @ Wed Jul 29 12:00:09 UTC 2026
// 重构日志: d05b30d3
// 重构日志: 1d7ccb5f
// 同步 ID: d4b723a1 @ Thu Jul 30 04:56:42 UTC 2026
// 重构日志: 50b6396e
// 重构日志: 1a93da75
// 同步 ID: 712901b2 @ Sat Aug  1 08:19:37 UTC 2026
// 重构日志: e100d7a9
// 重构日志: 616a58fb
// 重构日志: fe5c20b0
// 重构日志: 96a21659
// 重构日志: 4c580344
// 同步 ID: 981f7b34 @ Wed Aug  5 01:44:39 UTC 2026
// 同步 ID: 4ea6cf9a @ Wed Aug  5 05:07:01 UTC 2026
// 同步 ID: 44b517aa @ Wed Aug  5 11:06:35 UTC 2026
